app/admin/exams/page.tsx(115,7): error TS2322: Type '"CLOSED"' is not assignable to type 'ExamStatus'.
app/student/attempts/[attemptId]/page.tsx(293,32): error TS2339: Property 'studentId' does not exist on type 'Attempt'.
app/student/attempts/[attemptId]/page.tsx(294,34): error TS2339: Property 'student' does not exist on type 'Attempt'.
app/student/attempts/[attemptId]/page.tsx(295,35): error TS2339: Property 'student' does not exist on type 'Attempt'.
app/student/attempts/[attemptId]/page.tsx(296,29): error TS2551: Property 'examId' does not exist on type 'Attempt'. Did you mean 'exam'?
app/student/attempts/[attemptId]/page.tsx(342,30): error TS2339: Property 'studentId' does not exist on type 'Attempt'.
app/student/attempts/[attemptId]/page.tsx(343,32): error TS2339: Property 'student' does not exist on type 'Attempt'.
app/student/attempts/[attemptId]/page.tsx(344,33): error TS2339: Property 'student' does not exist on type 'Attempt'.
app/student/attempts/[attemptId]/page.tsx(345,27): error TS2551: Property 'examId' does not exist on type 'Attempt'. Did you mean 'exam'?
app/student/exams/page.tsx(116,9): error TS2353: Object literal may only specify known properties, and 'canResume' does not exist in type '{ label: string; color: string; icon: ReactNode; canStart: boolean; canRetake: boolean; }'.
components/ui/tooltip.tsx(4,35): error TS2307: Cannot find module '@radix-ui/react-tooltip' or its corresponding type declarations.
utils/extensionDetection.ts(35,48): error TS2339: Property 'chrome' does not exist on type 'Window & typeof globalThis'.
utils/extensionDetection.ts(83,23): error TS2339: Property 'chrome' does not exist on type 'Window & typeof globalThis'.
utils/extensionDetection.ts(275,48): error TS2339: Property 'chrome' does not exist on type 'Window & typeof globalThis'.
utils/extensionDetection.ts(419,18): error TS2339: Property 'chrome' does not exist on type 'Window & typeof globalThis'.
utils/extensionDetection.ts(419,35): error TS2339: Property 'chrome' does not exist on type 'Window & typeof globalThis'.
utils/extensionDetection.ts(420,48): error TS2339: Property 'chrome' does not exist on type 'Window & typeof globalThis'.
utils/extensionDetection.ts(454,30): error TS2339: Property 'chrome' does not exist on type 'Window & typeof globalThis'.
utils/extensionDetection.ts(455,32): error TS2339: Property 'chrome' does not exist on type 'Window & typeof globalThis'.
utils/extensionDetection.ts(455,49): error TS2339: Property 'chrome' does not exist on type 'Window & typeof globalThis'.
